# This is a sample menu.lst file. You should make some changes to it.
# The old install method of booting via the stage-files has been removed.
# Please install GRLDR boot strap code to MBR with the bootlace.com
# utility under DOS/Win9x or Linux.
#
# It must be UTF-8 encoding for multi-lingual support. Font lines can be
# appended to the file. The font lines should be in the unifont.hex format.

title Kaspersky Rescue 10\n1. %copyfile% 'rescue.iso' %intodir% '/rescue/'\n2. %openfile% 'rescue.iso' & %copyfile% '/boot/rescue,/boot/rescue.igz' %intodir% '/rescue/'
	find --set-root --ignore-floppies /rescue/rescue.igz
	kernel	/rescue/rescue root=live:CDLABEL=KRD10 rootfstype=auto vga=791 init=/init kav_lang=en udev liveimg splash quiet doscsi nomodeset
	initrd	/rescue/rescue.igz

title Bitdefender Rescue CD\n%copyfile% 'bitdefender.iso' %intodir% '/Files/Antivirus/'
	find --set-root --ignore-floppies /Files/Antivirus/bitdefender.iso
	#enable parttype output
	debug 1
	# make empty table entry in 4th position in ptn table
	parttype (hd0,3) | set check=
	debug off
	set check=%check:~-5,4%
	if "%check%"=="0x00" partnew (hd0,3) 0 0 0
	if not "%check%"=="0x00" echo WARNING: PTN TABLE 4 IS ALREADY IN USE! && pause && configfile /menu.lst
	debug 1
	map /Files/Antivirus/bitdefender.iso (0xff) || map --mem /Files/Antivirus/bitdefender.iso (0xff)
	map --hook
	partnew (hd0,3) 0 /Files/Antivirus/bitdefender.iso
	root (0xff)
	chainloader (0xff)

title AVG Rescue CD\n%copyfile% 'avg.iso' %intodir% '/Files/Antivirus/'
	find --set-root --ignore-floppies /Files/Antivirus/avg.iso
	map /Files/Antivirus/avg.iso (0xff) || map --mem /Files/Antivirus/avg.iso (0xff)
	map --hook
	chainloader (0xff)

title Avira Rescue System\n%copyfile% 'avira.iso' %intodir% '/Files/Antivirus/'
	find --set-root --ignore-floppies /Files/Antivirus/avira.iso
	map /Files/Antivirus/avira.iso (0xff) || map --mem /Files/Antivirus/avira.iso (0xff)
	map --hook
	kernel	(0xff)/casper/vmlinuz file=/cdrom/preseed/ubuntu.seed iso-scan/filename=/Files/Antivirus/avira.iso boot=casper quiet splash --
	initrd	(0xff)/casper/initrd.lz

title COMODO Resuce Disk\n%copyfile% 'comodo.iso' %intodir% '/Files/Antivirus/'
	find --set-root --ignore-floppies /Files/Antivirus/comodo.iso
	map /Files/Antivirus/comodo.iso (0xff) || map --mem /Files/Antivirus/comodo.iso (0xff)
	map --hook
	chainloader (0xff)

title %backlst%
	fallback +1
	find --set-root --ignore-floppies --ignore-cd /Boot/grub4dos/menu.lst
	configfile /Boot/grub4dos/menu.lst

title Load Grub2
	chainloader /Boot/grub/g2ldr

iftitle [ls /Boot/syslinux/syslinux.bin] Load Syslinux
	chainloader /Boot/syslinux/syslinux.bin

iftitle [ls /Boot/syslinux/notbin.txt] Load Syslinux
	chainloader +1

title %reboot%
	reboot

title %halt%
	halt

title %mcmd%
	commandline

# In the end, font lines for unicode chars in unifont.hex format.
# It should include all unicode chars used in the above menu code.
# Surely normal ASCII chars are not necessary to be included here.

5173:10100810082000003FF8010001000100FFFE010002800280044008203018C006
542F:010000801FFC1004100410041FFC10001000100017FC24042404440487FC0404
673A:100011F011101110FD10111031103910551055109110111211121212120E1400
91CD:001000F83F000100FFFE01001FF011101FF011101FF001003FF80100FFFE0000