# This is a sample menu.lst file. You should make some changes to it.
# The old install method of booting via the stage-files has been removed.
# Please install GRLDR boot strap code to MBR with the bootlace.com
# utility under DOS/Win9x or Linux.
#
# It must be UTF-8 encoding for multi-lingual support. Font lines can be
# appended to the file. The font lines should be in the unifont.hex format.

color blue/green yellow/red white/magenta white/magenta
timeout 30
## menu border color
color border=0xEEFFEE
## set vbe mode
graphicsmode -1 640:800 480:600 24:32 || graphicsmode -1 -1 -1 24:32
## loading splashimage
splashimage /Boot/grub4dos/splashimage.xpm || splashimage /Boot/grub4dos/splashimage.bmp
default /default
## Menu AutoNumber
write 0x8274 0x2001

title Active Boot Disk 15\n%copyfile% 'ActiveBootDiskDOS.iso' %intodir% '/Files/DOS/'
find --set-root --ignore-floppies /Files/DOS/ActiveBootDiskDOS.iso
map /Files/DOS/ActiveBootDiskDOS.iso (0xff) || map --mem /Files/DOS/ActiveBootDiskDOS.iso (0xff) 
map --hook 
chainloader (0xff)

title Active Password Changer Pro 5.0\n%copyfile% 'ActivePasswordChanger5.iso' %intodir% '/Files/DOS/'
find --set-root --ignore-floppies /Files/DOS/ActivePasswordChanger5.iso
map --mem /Files/DOS/ActivePasswordChanger5.iso (0xff)
map --hook
chainloader (0xff)

title HDD Regenerator 2011\n%copyfile% 'HDDREG.iso' %intodir% '/Files/DOS/'
find --set-root --ignore-floppies /Files/DOS/HDDREG.iso
map --mem /Files/DOS/HDDREG.iso (0xff)
map --hook
chainloader (0xff)

title HDAT2 5.1\n%copyfile% 'HDAT251.iso' %intodir% '/Files/DOS/'
find --set-root --ignore-floppies /Files/DOS/HDAT251.iso
map --mem /Files/DOS/hdat2cd_51.iso (0xff)
map --hook
chainloader (0xff)

title MHDD 4.6\n%copyfile% 'MHDD.iso' %intodir% '/Files/DOS/'
find --set-root --ignore-floppies /Files/DOS/MHDD.iso
map --mem /Files/DOS/MHDD.iso (0xff)
map --hook
chainloader (0xff)

title Victoria 3.52\n%copyfile% 'VCR35R.iso' %intodir% '/Files/DOS/'
find --set-root --ignore-floppies /Files/DOS/VCR35R.iso
map --mem /Files/DOS/VCR35R.iso (0xff)
map --hook
chainloader (0xff)

title MemTest86+ 5.01\n%copyfile% 'MT501.iso' %intodir% '/Files/DOS/'
find --set-root --ignore-floppies /Files/DOS/MT501.iso
map --mem /Files/DOS/MT501.iso (0xff)
map --hook
chainloader (0xff)

title MemTest86 6.3.0 (PassMark)\n%copyfile% 'Memtest86-6.3.0.iso' %intodir% '/Files/DOS/'
find --set-root --ignore-floppies /Files/DOS/Memtest86-6.3.0.iso
map --mem /Files/DOS/Memtest86-6.3.0.iso (0xff)
map --hook
chainloader (0xff)

title GoldMemory Pro 7.85\n%copyfile% 'GoldMem.img' %intodir% '/Files/DOS/'
find --set-root --ignore-floppies /Files/DOS/GoldMem.img
map --mem /Files/DOS/GoldMem.img (fd0)
map --hook
chainloader (fd0)+1
rootnoverify (fd0)

title Hard Disk Repair Utility 5.0\n%copyfile% 'HDAT2FDD.IMG' %intodir% '/Files/DOS/'
find --set-root --ignore-floppies /Files/DOS/HDAT2FDD.IMG
map --mem /Files/DOS/HDAT2FDD.IMG (fd0)
map --hook
chainloader (fd0)+1
rootnoverify (fd0)

title Symantec Ghost 11.5\n%copyfile% 'Ghost.iso' %intodir% '/Files/DOS/'
find --set-root --ignore-floppies /Files/DOS/Ghost.iso
map --mem /Files/DOS/Ghost.iso (0xff)
map --hook
chainloader (0xff)

title BootIt Bare Metal 1.31\n%copyfile% 'bbm.iso' %intodir% '/Files/DOS/'
find --set-root --ignore-floppies /Files/DOS/bbm.iso
map --mem /Files/DOS/bbm.iso (0xff)
map --hook
chainloader (0xff)

title HDDaRTs\n%copyfile% 'HDDaRTs.ima' %intodir% '/Files/DOS/'
find --set-root --ignore-floppies /Files/DOS/HDDaRTs.ima
map --mem /Files/DOS/HDDaRTs.ima (fd0)
map --hook
chainloader (fd0)+1
rootnoverify (fd0)

title Kon-Boot for Windows 2.5.0\n%copyfile% 'kon-bootCD.iso' %intodir% '/Files/DOS/'
find --set-root --ignore-floppies /Files/DOS/kon-bootCD.iso
map --mem /Files/DOS/kon-bootCD.iso (0xff)
map --hook
chainloader (0xff)

title Plop Boot Manager\n%copyfile% 'plpbt.iso' %intodir% '/Files/DOS/'
find --set-root --ignore-floppies /Files/DOS/plpbt.iso
map --mem /Files/DOS/plpbt.iso (0xff)
map --hook
chainloader (0xff)

title VMtesting\n%copyfile% 'vmtce.iso' %intodir% '/Files/DOS/'
find --set-root --ignore-floppies /Files/DOS/vmtce.iso
map --mem /Files/DOS/vmtce.iso (0xff)
map --hook
chainloader (0xff)

title FreeDos\n%copyfile% 'fd11src.iso' %intodir% '/Files/DOS/'
find --set-root --ignore-floppies /Files/DOS/fd11src.iso
map --mem /Files/DOS/fd11src.iso (0xff)
map --hook
chainloader (0xff)

title %backlst%
fallback +1
find --set-root --ignore-floppies --ignore-cd /Boot/grub4dos/menu.lst
configfile /Boot/grub4dos/menu.lst

title Load Grub2
chainloader (hd0)+1

title Load Syslinux
chainloader +1

title %reboot%
reboot

title %halt%
halt

title %mcmd%
commandline

# In the end, font lines for unicode chars in unifont.hex format.
# It should include all unicode chars used in the above menu code.
# Surely normal ASCII chars are not necessary to be included here.

5173:10100810082000003FF8010001000100FFFE010002800280044008203018C006
542F:010000801FFC1004100410041FFC10001000100017FC24042404440487FC0404
673A:100011F011101110FD10111031103910551055109110111211121212120E1400
91CD:001000F83F000100FFFE01001FF011101FF011101FF001003FF80100FFFE0000