color black/cyan yellow/cyan
write 0x8274 0x2001
timeout 10
ls /AIO/grub4dos/windefault > nul && default /AIO/grub4dos/windefault
#Thank to WinSetupFromUSB

title ...Back to Grub2
ls /AIO/grub4dos/usbdrive.tag > nul || find --set-root --devices=hf /AIO/grub4dos/usbdrive.tag > nul
chainloader /AIO/grub/g2ldr

title \n
root

title Auto-detect and use F6 SATA/RAID/SCSI Driver\nUse if your internal disk is not detected or getting BSOD 0x0000007B\nSelect once before Text mode of Setup or starting PE1\nCurrently 32 bit versions are supported.\nCreated by Chenall (www.chenall.net/) & Modified by Steve Si (www.rmprepusb.com)
#http://bbs.wuyou.com/viewthread.php?tid=197550
#http://chenall.net/
#http://www.rmprepusb.com
map --unmap=0:0xFF
map --unhook && map --rehook
if NOT exist /AIO/Tools/DPMS/DPMS.ISO  find --set-root --devices=hf /AIO/Tools/DPMS/DPMS.ISO ;; if NOT exist /AIO/Tools/DPMS/DPMS.ISO pause --wait=20 Please download "DPMS.ISO" from "https://goo.gl/AhnqTb" and copy it to "/AIO/Tools/DPMS". && configfile /AIO/Menu/XPSetup.lst
map /AIO/Tools/DPMS/DPMS.ISO (0xfa)|| map --mem /AIO/Tools/DPMS/DPMS.ISO (0xfa)
map --hook
root (0xfa)
set FIRA=0
/dpms2.g4b 0
ls (0)/txtsetup.oem && map (0) (1) && set DPMS=1
map --unmap=0xfa
map --rehook
ls /AIO/grub4dos/usbdrive.tag > nul || find --set-root --devices=hf /AIO/grub4dos/usbdrive.tag
configfile /AIO/Menu/XPSetup.lst

title Auto-detect and use F6 SATA/RAID/SCSI Driver + Firadisk\nTry this entry if the one above does not work on particular machine\nUse once, before Text mode of Setup
#http://bbs.wuyou.com/viewthread.php?tid=197550
#http://chenall.net/
#http://www.rmprepusb.com
map --unmap=0:0xFF
map --unhook && map --rehook
if NOT exist /AIO/Tools/DPMS/DPMS.ISO  find --set-root --devices=hf /AIO/Tools/DPMS/DPMS.ISO ;; if NOT exist /AIO/Tools/DPMS/DPMS.ISO pause --wait=20 Please download "DPMS.ISO" from "https://goo.gl/AhnqTb" and copy it to "/AIO/Tools/DPMS". && configfile /AIO/Menu/XPSetup.lst
map /AIO/Tools/DPMS/DPMS.ISO (0xfa)|| map --mem /AIO/Tools/DPMS/DPMS.ISO (0xfa)
map --hook
root (0xfa)
set FIRA=0
/dpms2.g4b 0
ls (0)/txtsetup.oem && map (0) (1)
map --unmap=0xfa
map --rehook
ls (0)/txtsetup.oem && set LOADFIRA=1 && set DPMS=1
ls /AIO/grub4dos/usbdrive.tag > nul || find --set-root --devices=hf /AIO/grub4dos/usbdrive.tag
configfile /AIO/Menu/XPSetup.lst

#F6##F6##F6##F6##F6##F6##F6##F6##F6##F6##F6##F6##F6##F6##F6##F6##F6##F6##F6##F6##F6##F6##F6##F6##F6##F6##F6##F6##F6##F6##F6##F6##F6# #DO NOT REMOVE THESE LINES
