# This is a sample menu.lst file. You should make some changes to it.
# The old install method of booting via the stage-files has been removed.
# Please install GRLDR boot strap code to MBR with the bootlace.com
# utility under DOS/Win9x or Linux.
#
# It must be UTF-8 encoding for multi-lingual support. Font lines can be
# appended to the file. The font lines should be in the unifont.hex format.

color almond/green yellow/red white/magenta white/magenta
timeout 30
## menu border color
color border=0xEEFFEE
## set vbe mode
graphicsmode -1 768:1024 640:800 480:600 24
## loading splashimage
splashimage /AIO/Tools/grub4dos/splash.bmp.gz
## unifont-9.0.02.hex.gz
font /AIO/Tools/grub4dos/unifont.hex.gz
default /default
## Menu AutoNumber
write 0x8274 0x2001

iftitle [if exist /AIO/Tools/MS/bootmgr && if exist /AIO/Menu/WinLegacy] WinPE & Setup\n Run WinPE & Setup
chainloader /AIO/Tools/MS/bootmgr

iftitle [if exist /AIO/Menu/XPSetup.lst] Windows XP/2003 Setup\n Run Windows XP/2003 Setup
configfile /AIO/Menu/XPSetup.lst

iftitle [if exist /AIO/Menu/WinVHD.lst] Windows VHD\n Run Windows VHD
configfile /AIO/Menu/WinVHD.lst

iftitle [if exist /AIO/Menu/Linux.lst] Linux OS\n Run Linux OS
configfile /AIO/Menu/Linux.lst

iftitle [if exist /AIO/Menu/Antivirus.lst] Antivirus\n Run Antivirus
configfile /AIO/Menu/Antivirus.lst

iftitle [if exist /AIO/Menu/Dos.lst] DOS Program\n Run DOS Program
configfile /AIO/Menu/Dos.lst

iftitle [if exist /AIO/Menu/Android.lst] Android\n Run Android
configfile /AIO/Menu/Android.lst

iftitle [if exist /AIO/Menu/Disk.lst] Disk Utilities\n Run Disk Utilities
configfile /AIO/Menu/Disk.lst

iftitle [if exist /AIO/Menu/BackupRecovery.lst] Backup & Recovery\n Run Backup & Recovery
configfile /AIO/Menu/BackupRecovery.lst

iftitle [if exist /AIO/Menu/Special.lst] Special Pack\n Run Special Pack
configfile /AIO/Menu/Special.lst

iftitle [if exist /AIO/Tools/syslinux/syslinux/syslinux.bin] Syslinux\n Run Syslinux
chainloader /AIO/Tools/syslinux/syslinux/syslinux.bin

title Load Grub2
kernel /AIO/grub/i386-pc/core.img

title Reboot
reboot

title Poweroff
halt

title Commandline
commandline

title find and load BOOTMGR of Windows VISTA/WIN7/8.1/10
find --set-root --ignore-floppies --ignore-cd /bootmgr
chainloader /bootmgr
savedefault --wait=2

title find and load NTLDR of Windows NT/2K/XP\n find and load NTLDR of Windows NT/2K/XP
fallback +1
find --set-root --ignore-floppies --ignore-cd /ntldr
map () (hd0)
map (hd0) ()
map --rehook
find --set-root --ignore-floppies --ignore-cd /ntldr
chainloader /ntldr
savedefault --wait=2

title find and load CMLDR, the Recovery Console of Windows NT/2K/XP
fallback +1
find --set-root --ignore-floppies --ignore-cd /cmldr
map () (hd0)
map (hd0) ()
map --rehook
find --set-root --ignore-floppies --ignore-cd /cmldr
chainloader /cmldr

title Chainload IO.SYS for booting MS-DOS/Windows 9x/Me
fallback +1
find --set-root --ignore-floppies --ignore-cd /io.sys
chainloader /io.sys
savedefault --wait=2

# In the end, font lines for unicode chars in unifont.hex format.
# It should include all unicode chars used in the above menu code.
# Surely normal ASCII chars are not necessary to be included here.

5173:10100810082000003FF8010001000100FFFE010002800280044008203018C006
542F:010000801FFC1004100410041FFC10001000100017FC24042404440487FC0404
673A:100011F011101110FD10111031103910551055109110111211121212120E1400
91CD:001000F83F000100FFFE01001FF011101FF011101FF001003FF80100FFFE0000



