squash4: xzio gzio lzopio fshelp
search_fs_uuid:
lssal:
legacycfg: gcry_md5 crypto password normal
date: extcmd datetime
bfs: fshelp
uhci: usb
multiboot2: boot video linux net acpi relocator mmap
gcry_twofish: crypto
sortlib:
gpt: crypto gcry_crc disk
cpio_be: archelp
vhd: extcmd
version:
priority_queue:
gcry_rijndael: crypto
echo: extcmd normal
cpio: archelp
alias:
xzio: crypto
part_sun:
hfspluscomp: gzio hfsplus
gcry_sha512: crypto
gcry_cast5: crypto
efi_gop: video video_fb
ctz_test: functional_test
boot:
setjmp_test: setjmp functional_test
odc: archelp
ls: extcmd datetime normal
gzio: gcry_crc
cbmemc: cbtable terminfo normal
video:
test_blockarg: extcmd normal
linuxefi: boot linux sbpolicy
gptprio: gpt extcmd
gfxterm: video font
cbtable:
zstd:
mul_test: functional_test
gcry_tiger: crypto
gcry_serpent: crypto
aout:
ps2mouse: boot keylayouts
macbless: disk
lzmaio:
gcry_blowfish: crypto
bcfg: net efinet
appleldr: boot
trig:
grubfm: sortlib video extcmd conv gfxmenu normal font ini
extcmd:
efiload: linuxefi extcmd sbpolicy
efi_mouse:
at_keyboard: boot keylayouts
videoinfo: video extcmd bitmap_scale gfxmenu lua bitmap font
testspeed: extcmd normal
minix:
keylayouts:
xnu_uuid: gcry_md5
usbtest: usb
usbms: usb scsi
reboot: extcmd
morse:
help: extcmd normal
part_msdos:
http: net
gdb: backtrace serial
gcry_rsa: mpi pgp
cbtime: cbtable
blocklist: extcmd
probe: extcmd
pbkdf2: crypto
lsefisystab:
gcry_rfc2268: crypto
verifiers:
ufs1_be:
nativedisk:
gcry_camellia: crypto
fat: fshelp
exfctest: functional_test
parttool: normal
lzopio: crypto
linux: boot video verifiers relocator mmap
gcry_md4: crypto
zfsinfo: zfs
usb_keyboard: keylayouts usb
gcry_md5: crypto
fshelp:
setenv: extcmd
nes: video extcmd
ehci: boot usb cs5536
datetime:
bitmap_scale: bitmap
ata: scsi
usbserial_common: usb serial
syslinuxcfg: extcmd normal
strtoull_test: functional_test
net: priority_queue boot datetime bufio
json:
gcry_des: crypto
div_test: div functional_test
conv: extcmd lua
bmp: bufio bitmap
time:
reiserfs: fshelp
dm_nv: diskfilter
datehook: datetime
wimboot: xzio boot extcmd lua procfs normal map
lynxfs: fshelp
mdraid09_be: diskfilter
fatfs: datetime lua disk
cmp_test: functional_test
backtrace:
ahci: boot ata
kernel:
video_cirrus: video video_fb
tpm: verifiers
part_plan:
gcry_seed: crypto
smbios: extcmd procfs
minix_be:
crypto:
crscreenshot:
wrmsr:
video_colors:
test:
terminal:
part_dvh:
lsacpi: extcmd acpi
jpeg: bufio bitmap
bsd: boot video aout extcmd verifiers gcry_md5 crypto cpuid elf relocator serial mmap
tetris: extcmd
memdisk:
gptrepair: gpt
gfxmenu: video gfxterm trig bitmap_scale video_colors bitmap normal font
efienv: loadenv
cmp: extcmd
acpi: video extcmd mmap procfs
xfs: fshelp
elf:
div:
cpuid: extcmd
affs: fshelp
usb:
crc: btrfs
videotest: video gfxmenu font
tr: extcmd
testload:
relocator: mmap
play:
gfxterm_menu: video_fb functional_test procfs normal font
cbfs: archelp
adler32: crypto
progress: normal
password: crypto normal
part_sunpc:
getenv: extcmd
video_fb:
tftp: net
sleep: extcmd normal
serial: extcmd terminfo
dd: extcmd lua normal disk
search_fs_file:
gcry_sha256: crypto
gcry_rmd160: crypto
exfat: fshelp
search: search_fs_uuid extcmd search_fs_file search_part_label search_label search_disk_uuid search_part_uuid
ntboot: extcmd wimboot map
mdraid09: diskfilter
chain: boot linuxefi extcmd net normal efinet
mpi: crypto
memrw: extcmd lua
lua: extcmd datetime setjmp mmap normal
cs5536:
pgp: extcmd verifiers crypto mpi gcry_sha1
password_pbkdf2: gcry_sha512 pbkdf2 crypto normal
mdraid1x: diskfilter
luks2: pbkdf2 json crypto afsplitter cryptodisk
linux16: boot video linux relocator mmap
gcry_crc: crypto
fb:
configfile: normal
zfscrypt: gcry_rijndael extcmd pbkdf2 crypto zfs gcry_sha1
signature_test: functional_test procfs
setkey: extcmd
raid5rec: diskfilter
pcidump: extcmd
gcry_arcfour: crypto
fixmmap: normal
part_dfly:
nttools:
minix2_be:
gettext:
pbkdf2_test: pbkdf2 gcry_sha1 functional_test
usbserial_pl2303: usbserial_common usb serial
setup_var:
hashsum: extcmd crypto normal
xnu_uuid_test: functional_test
regexp: extcmd normal
part_gpt:
ohci: boot usb cs5536
gptsync: disk
zfs: gzio
part_apple:
hdparm: extcmd hexdump
bufio:
btrfs: gzio zstd extcmd lzopio raid6rec
uuid: extcmd
bitmap:
true:
terminfo: extcmd
romfs: fshelp
partnew: extcmd disk
ntfscomp: ntfs
lsefi:
increment:
hfs: fshelp
gcry_dsa: mpi pgp
dp: extcmd net lua sbpolicy efinet
cmdline_cat_test: video_fb functional_test procfs normal font
ufs1:
rdmsr: extcmd
offsetio:
legacy_password_test: legacycfg functional_test
setjmp:
usb_gamepad: usb
ufs2:
nilfs2: fshelp
lsmmap: mmap
gcry_sha1: crypto
search_part_label: gpt
mmap:
tar: archelp
png: bufio bitmap
lspci: extcmd
hfsplus: fshelp
getargs: extcmd
cbls: cbtable
tga: bufio bitmap
random: hexdump
minix2:
getkey: extcmd lua read
setpci: extcmd
scsi:
pata: ata
minix3:
lvm: diskfilter
functional_test: video extcmd video_fb btrfs
eval: normal
afsplitter: crypto
iso9660: fshelp
expr: extcmd div
crc64: crypto
udf: fshelp
search_label:
raid6rec: diskfilter
msdospart: parttool disk
efi_netfs: net
archelp:
shell: extcmd net normal efinet
procfs: archelp
minix3_be:
halt: acpi
read: normal
multiboot: boot video linux net relocator mmap
keystatus: extcmd
cryptodisk: extcmd crypto procfs
shift_test: functional_test
normal: boot extcmd verifiers datetime net crypto terminal gettext bufio
lsefimmap:
loadbios:
geli: gcry_sha512 pbkdf2 crypto gcry_sha256 cryptodisk
spkmodem: terminfo
gcry_idea: crypto
fdlibm:
bswap_test: functional_test
video_bochs: video video_fb
sfs: fshelp
part_amiga:
luks: pbkdf2 crypto afsplitter cryptodisk
loopback: extcmd
blscfg: extcmd normal
shim_lock: verifiers sbpolicy
jfs:
gfxterm_background: gfxterm video extcmd bitmap_scale video_colors bitmap
commandline: normal
usbserial_usbdebug: usbserial_common usb serial
sbpolicy: extcmd
qnx4: fshelp
part_acorn:
newc: extcmd archelp
macho:
iorw: extcmd
f2fs: fshelp
cat: extcmd
afs: fshelp
sleep_test: datetime functional_test
ldm: part_msdos part_gpt diskfilter
hexdump: extcmd
qnx6: fshelp
map: boot extcmd uuid dp
efinet: net
disk:
usbserial_ftdi: usbserial_common usb serial
stat: extcmd mmap normal
minicmd:
loadenv: extcmd disk
gcry_whirlpool: crypto
fixvideo:
part_bsd: part_msdos
font: video bufio
ext2: fshelp
diskfilter:
videotest_checksum: video_fb functional_test font
search_part_uuid: gpt
search_disk_uuid: gpt
file: extcmd elf offsetio macho
ntfs: fshelp
ini: extcmd lua
efi_uga: video video_fb
all_video: efi_gop efi_uga video_bochs video_cirrus
