videotest: font video gfxmenu
odc: archelp
loopback: extcmd
setkey: extcmd
macho:
ini: lua extcmd
gcry_des: crypto
memrw: lua extcmd
terminfo: extcmd
f2fs: fshelp
part_gpt:
conv: lua extcmd
romfs: fshelp
lsefimmap:
read: normal
gcry_arcfour: crypto
aout:
tftp: net
newc: extcmd archelp
minix2_be:
afsplitter: crypto
elf:
videotest_checksum: font functional_test video_fb
password_pbkdf2: crypto gcry_sha512 pbkdf2 normal
gcry_seed: crypto
pcidump: extcmd
bsd: elf serial crypto gcry_md5 verifiers extcmd video boot aout cpuid relocator mmap
version:
sfs: fshelp
reiserfs: fshelp
part_sunpc:
zstd:
gfxmenu: video_colors trig bitmap_scale gfxterm font normal video bitmap
backtrace:
jfs:
help: extcmd normal
configfile: normal
cbls: cbtable
map: uuid dp extcmd normal boot
gfxterm_menu: font functional_test procfs normal video_fb
gcry_idea: crypto
tr: extcmd
shift_test: functional_test
ohci: cs5536 usb boot
afs: fshelp
spkmodem: terminfo
search_part_label: gpt
crscreenshot:
usb_keyboard: usb keylayouts
xzio: crypto
syslinuxcfg: extcmd normal
search_fs_file:
wrmsr:
usbms: scsi usb
test_blockarg: extcmd normal
increment:
getenv: extcmd
true:
affs: fshelp
iso9660: fshelp
gptprio: gpt extcmd
exfat: fshelp
smbios: extcmd
setjmp_test: functional_test setjmp
efi_netfs: net
gfxterm: font video
efinet: net
disk:
appleldr: boot
xfs: fshelp
testspeed: extcmd normal
lynxfs: fshelp
cpio_be: archelp
functional_test: btrfs extcmd video video_fb
gptrepair: gpt
bswap_test: functional_test
sleep: extcmd normal
memdisk:
gcry_rijndael: crypto
mdraid09_be: diskfilter
gettext:
gcry_sha1: crypto
hfspluscomp: gzio hfsplus
cmp:
random: hexdump
offsetio:
file: macho elf extcmd offsetio
usbserial_usbdebug: serial usb usbserial_common
video_colors:
morse:
hashsum: crypto extcmd normal
usb:
halt: acpi
gdb: serial backtrace
stat: extcmd normal mmap
gfxterm_background: video_colors bitmap_scale gfxterm extcmd video bitmap
search_fs_uuid:
gcry_dsa: pgp mpi
keystatus: extcmd
linux: verifiers video boot relocator mmap
geli: cryptodisk crypto gcry_sha512 pbkdf2 gcry_sha256
cmdline_cat_test: font functional_test procfs normal video_fb
rdmsr: extcmd
part_sun:
cbtable:
pbkdf2_test: functional_test pbkdf2 gcry_sha1
video_bochs: video video_fb
verifiers:
sbpolicy: extcmd
bufio:
usbserial_ftdi: serial usb usbserial_common
legacy_password_test: functional_test legacycfg
lua: setjmp extcmd datetime normal mmap
cpuid: extcmd
blscfg: extcmd normal
hdparm: extcmd hexdump
bfs: fshelp
gcry_blowfish: crypto
test:
nilfs2: fshelp
search_disk_uuid: gpt
gcry_rsa: pgp mpi
cryptodisk: crypto extcmd procfs
nativedisk:
minicmd:
signature_test: functional_test procfs
ata: scsi
ntboot: map extcmd wimboot
uuid: extcmd
udf: fshelp
gzio: gcry_crc
xnu_uuid: gcry_md5
uhci: usb
pata: ata
mul_test: functional_test
adler32: crypto
terminal:
div:
ehci: cs5536 usb boot
crypto:
part_bsd: part_msdos
shell: net extcmd efinet normal
luks2: cryptodisk crypto json afsplitter pbkdf2
cs5536:
ventoy: map crypto udf extcmd normal procfs wimboot gcry_sha1 iso9660
gcry_sha512: crypto
password: crypto normal
fshelp:
sleep_test: functional_test datetime
setenv: extcmd
iorw: extcmd
xnu: macho bitmap_scale random verifiers extcmd video bitmap boot relocator mmap
tetris: extcmd
mmap:
getargs: extcmd
exfctest: functional_test
zfsinfo: zfs
ldm: part_gpt diskfilter part_msdos
eval: normal
part_dvh:
lssal:
ext2: fshelp
blocklist: extcmd
nes: extcmd video
net: priority_queue bufio datetime boot
part_acorn:
videoinfo: lua bitmap_scale font extcmd bitmap video gfxmenu
btrfs: zstd lzopio extcmd raid6rec gzio
lsmmap: mmap
strtoull_test: functional_test
bitmap:
ntfs: fshelp
multiboot: net linux video boot relocator mmap
wimboot: lua map sbpolicy extcmd normal procfs xzio
tpm: verifiers
gcry_crc: crypto
efiload: extcmd
png: bufio bitmap
json:
jpeg: bufio bitmap
dd: lua disk extcmd normal
macbless: disk
div_test: functional_test div
regexp: extcmd normal
parttool: normal
usbserial_pl2303: serial usb usbserial_common
cpio: archelp
gcry_rmd160: crypto
fat: fshelp
fb:
ufs1_be:
getkey: lua extcmd read
fdlibm:
archelp:
grubfm: conv sortlib font extcmd normal video gfxmenu ini
http: net
zfs: gzio
search_part_uuid: gpt
raid6rec: diskfilter
lsefisystab:
minix2:
lsacpi: extcmd acpi
datehook: datetime
loadenv: disk extcmd
bitmap_scale: bitmap
probe: extcmd
minix3:
dp: net lua extcmd efinet normal
tar: archelp
loadbios:
hfs: fshelp
procfs: archelp
boot:
keylayouts:
progress: normal
kernel:
vhd: extcmd
usbtest: usb
relocator: mmap
linuxefi: linux boot
acpi: extcmd procfs video mmap
tga: bufio bitmap
reboot:
serial: extcmd terminfo
zfscrypt: crypto pbkdf2 zfs extcmd gcry_sha1 gcry_rijndael
usb_gamepad: usb
efi_uga: video video_fb
dm_nv: diskfilter
cmp_test: functional_test
luks: cryptodisk crypto afsplitter pbkdf2
gpt: gcry_crc crypto disk
font: bufio video
raid5rec: diskfilter
crc64: crypto
datetime:
efifwsetup:
ctz_test: functional_test
video:
crc: btrfs
sortlib:
cbmemc: normal cbtable terminfo
fixmmap: normal
hfsplus: fshelp
gcry_cast5: crypto
commandline: normal
extcmd:
squash4: fshelp lzopio xzio gzio
part_plan:
minix_be:
gcry_whirlpool: crypto
gcry_tiger: crypto
fixvideo:
search: search_fs_uuid search_fs_file search_part_uuid extcmd search_disk_uuid search_part_label search_label
lspci: extcmd
cbtime: cbtable
video_fb:
minix3_be:
trig:
efi_mouse:
msdospart: disk parttool
priority_queue:
gcry_twofish: crypto
part_dfly:
expr: extcmd
xnu_uuid_test: functional_test
diskfilter:
testload:
part_apple:
hexdump: extcmd
date: extcmd datetime
pbkdf2: crypto
gcry_sha256: crypto
qnx4: fshelp
ls: extcmd datetime normal
usbserial_common: serial usb
fatfs: lua disk datetime
ntfscomp: ntfs
lzopio: crypto
qnx6: fshelp
video_cirrus: video video_fb
scsi:
partnew: disk extcmd
linux16: linux video boot relocator mmap
cat: extcmd
ahci: ata boot
pgp: crypto verifiers extcmd mpi gcry_sha1
normal: net terminal crypto verifiers bufio datetime extcmd boot gettext
lzmaio:
ufs1:
mdraid09: diskfilter
lvm: diskfilter
chain: net extcmd efinet normal boot
cbfs: archelp
ufs2:
time:
setpci: extcmd
gptsync: disk
search_label:
efienv: loadenv
setjmp:
multiboot2: net linux video boot relocator mmap acpi
gcry_rfc2268: crypto
mdraid1x: diskfilter
mpi: crypto
legacycfg: password crypto gcry_md5 normal
play:
part_amiga:
efi_gop: video video_fb
minix:
echo: extcmd normal
lsefi:
gcry_serpent: crypto
gcry_md4: crypto
setup_var:
gcry_md5: crypto
part_msdos:
gcry_camellia: crypto
at_keyboard: keylayouts boot
bmp: bufio bitmap
all_video: efi_gop efi_uga video_bochs video_cirrus
